I0613 10:41:22.140296 132353509921856 rl_environment.py:211] Using game settings: {'num_turns': 5}
I0613 10:41:29.551842 132353509921856 rl_environment.py:211] Using game settings: {'num_turns': 5}
/home/antot/Proyectos/open_spiel/open_spiel/python/pytorch/policy_gradient.py:442: UserWarning: Using a non-tuple sequence for multidimensional indexing is deprecated and will be changed in pytorch 2.9; use x[tuple(seq)] instead of x[seq]. In pytorch 2.9 this will be interpreted as tensor index, x[torch.tensor(seq)], which will result either in an error or a different result (Triggered internally at /pytorch/torch/csrc/autograd/python_variable_indexing.cpp:347.)
  value_predictions = q_values[list(action_indices)]
I0613 10:43:00.603910 132353509921856 rl_environment.py:211] Using game settings: {'num_turns': 5}
I0613 10:44:35.309185 132353509921856 rl_environment.py:211] Using game settings: {'num_turns': 5}
I0613 10:44:43.082376 132353509921856 rl_environment.py:211] Using game settings: {'num_turns': 5}
/home/antot/Proyectos/open_spiel/open_spiel/python/pytorch/policy_gradient.py:442: UserWarning: Using a non-tuple sequence for multidimensional indexing is deprecated and will be changed in pytorch 2.9; use x[tuple(seq)] instead of x[seq]. In pytorch 2.9 this will be interpreted as tensor index, x[torch.tensor(seq)], which will result either in an error or a different result (Triggered internally at /pytorch/torch/csrc/autograd/python_variable_indexing.cpp:347.)
  value_predictions = q_values[list(action_indices)]
I0613 10:46:20.814484 132353509921856 rl_environment.py:211] Using game settings: {'num_turns': 5}
I0613 10:46:51.835028 132353509921856 rl_environment.py:211] Using game settings: {'num_turns': 5}
I0613 10:47:54.276519 132353509921856 rl_environment.py:211] Using game settings: {'num_turns': 5}
I0613 10:48:02.116600 132353509921856 rl_environment.py:211] Using game settings: {'num_turns': 5}
/home/antot/Proyectos/open_spiel/open_spiel/python/pytorch/policy_gradient.py:442: UserWarning: Using a non-tuple sequence for multidimensional indexing is deprecated and will be changed in pytorch 2.9; use x[tuple(seq)] instead of x[seq]. In pytorch 2.9 this will be interpreted as tensor index, x[torch.tensor(seq)], which will result either in an error or a different result (Triggered internally at /pytorch/torch/csrc/autograd/python_variable_indexing.cpp:347.)
  value_predictions = q_values[list(action_indices)]
I0613 10:49:40.734062 132353509921856 rl_environment.py:211] Using game settings: {'num_turns': 5}
Optional module pokerkit_wrapper was not importable: No module named 'pokerkit'
Game: turn_battle, players=4
Train episodes per algorithm: 300
Training device: cuda (NVIDIA GeForce RTX 3060 Ti)
Running 3 seeds: [42, 43, 44] (train_episodes=300)
Partial retrain: ['nfsp', 'qpg'] (others load from checkpoints)

========== Seed 42 -> turn_battle_results/production_final/seed_42 ==========
=== Loading alphazero from checkpoint ===
  seed score vs random: 0.720
=== Loading deep_cfr from checkpoint ===
  seed score vs random: 0.280
=== Training nfsp (300 episodes) ===
  backend: PyTorch nfsp on cuda (NVIDIA GeForce RTX 3060 Ti) (bot_mix=50%, opponent=mixed, role-shared)
[train nfsp] step 50: win=0.480
[train nfsp] step 100: win=0.180
[train nfsp] step 150: win=0.340
[train nfsp] step 200: win=0.380
[train nfsp] step 250: win=0.300
  role selection: defender seat 0, attacker seat 1 (eval win=0.417)
  checkpoint saved: turn_battle_results/production_final/seed_42/checkpoints/nfsp
  seed score vs random: 0.320
=== Training qpg (300 episodes) ===
  backend: PyTorch qpg on cuda (NVIDIA GeForce RTX 3060 Ti) (bot_mix=50%, opponent=mixed, role-shared)
[train qpg] step 50: win=0.460
[train qpg] step 100: win=0.360
[train qpg] step 150: win=0.520
[train qpg] step 200: win=0.420
[train qpg] step 250: win=0.280
  role selection: defender seat 2, attacker seat 3 (eval win=0.500)
  checkpoint saved: turn_battle_results/production_final/seed_42/checkpoints/qpg
  seed score vs random: 0.300
=== Round-robin phase ===
RR: alphazero vs deep_cfr -> 0.62-0.04
RR: alphazero vs nfsp -> 0.70-0.06
RR: alphazero vs qpg -> 0.72-0.00
RR: deep_cfr vs nfsp -> 0.24-0.38
RR: deep_cfr vs qpg -> 0.30-0.38
RR: nfsp vs qpg -> 0.38-0.34
=== Bracket phase ===
R1: alphazero vs nfsp -> alphazero (0.74-0.02)
R1: qpg vs deep_cfr -> qpg (0.36-0.28)
R2: alphazero vs qpg -> alphazero (0.68-0.04)
Champion: alphazero
Saved tournament to turn_battle_results/production_final/seed_42/tournament_results.json

========== Seed 43 -> turn_battle_results/production_final/seed_43 ==========
=== Loading alphazero from checkpoint ===
  seed score vs random: 0.700
=== Loading deep_cfr from checkpoint ===
  seed score vs random: 0.320
=== Training nfsp (300 episodes) ===
  backend: PyTorch nfsp on cuda (NVIDIA GeForce RTX 3060 Ti) (bot_mix=50%, opponent=mixed, role-shared)
[train nfsp] step 50: win=0.200
[train nfsp] step 100: win=0.440
[train nfsp] step 150: win=0.280
[train nfsp] step 200: win=0.360
[train nfsp] step 250: win=0.420
  role selection: defender seat 0, attacker seat 3 (eval win=0.500)
  checkpoint saved: turn_battle_results/production_final/seed_43/checkpoints/nfsp
  seed score vs random: 0.320
=== Training qpg (300 episodes) ===
  backend: PyTorch qpg on cuda (NVIDIA GeForce RTX 3060 Ti) (bot_mix=50%, opponent=mixed, role-shared)
[train qpg] step 50: win=0.460
[train qpg] step 100: win=0.340
[train qpg] step 150: win=0.360
[train qpg] step 200: win=0.360
[train qpg] step 250: win=0.360
  role selection: defender seat 0, attacker seat 3 (eval win=0.500)
  checkpoint saved: turn_battle_results/production_final/seed_43/checkpoints/qpg
  seed score vs random: 0.300
=== Round-robin phase ===
RR: alphazero vs deep_cfr -> 0.64-0.06
RR: alphazero vs nfsp -> 0.72-0.08
RR: alphazero vs qpg -> 0.66-0.02
RR: deep_cfr vs nfsp -> 0.38-0.38
RR: deep_cfr vs qpg -> 0.10-0.56
RR: nfsp vs qpg -> 0.30-0.46
=== Bracket phase ===
R1: alphazero vs deep_cfr -> alphazero (0.66-0.00)
R1: nfsp vs qpg -> nfsp (0.38-0.34)
R2: alphazero vs nfsp -> alphazero (0.76-0.02)
Champion: alphazero
Saved tournament to turn_battle_results/production_final/seed_43/tournament_results.json

========== Seed 44 -> turn_battle_results/production_final/seed_44 ==========
=== Loading alphazero from checkpoint ===
  seed score vs random: 0.820
=== Loading deep_cfr from checkpoint ===
  seed score vs random: 0.220
=== Training nfsp (300 episodes) ===
  backend: PyTorch nfsp on cuda (NVIDIA GeForce RTX 3060 Ti) (bot_mix=50%, opponent=mixed, role-shared)
[train nfsp] step 50: win=0.020
[train nfsp] step 100: win=0.500
[train nfsp] step 150: win=0.360
[train nfsp] step 200: win=0.280
[train nfsp] step 250: win=0.360
  role selection: defender seat 2, attacker seat 3 (eval win=0.667)
  checkpoint saved: turn_battle_results/production_final/seed_44/checkpoints/nfsp
  seed score vs random: 0.320
=== Training qpg (300 episodes) ===
  backend: PyTorch qpg on cuda (NVIDIA GeForce RTX 3060 Ti) (bot_mix=50%, opponent=mixed, role-shared)
[train qpg] step 50: win=0.360
[train qpg] step 100: win=0.420
[train qpg] step 150: win=0.320
[train qpg] step 200: win=0.380
[train qpg] step 250: win=0.360
  role selection: defender seat 2, attacker seat 1 (eval win=0.500)
  checkpoint saved: turn_battle_results/production_final/seed_44/checkpoints/qpg
  seed score vs random: 0.240
=== Round-robin phase ===
RR: alphazero vs deep_cfr -> 0.58-0.02
RR: alphazero vs nfsp -> 0.66-0.04
RR: alphazero vs qpg -> 0.68-0.06
RR: deep_cfr vs nfsp -> 0.36-0.28
RR: deep_cfr vs qpg -> 0.36-0.36
RR: nfsp vs qpg -> 0.34-0.42
=== Bracket phase ===
R1: alphazero vs nfsp -> alphazero (0.80-0.02)
R1: qpg vs deep_cfr -> qpg (0.40-0.28)
R2: alphazero vs qpg -> alphazero (0.74-0.12)
Champion: alphazero
Saved tournament to turn_battle_results/production_final/seed_44/tournament_results.json

Multi-seed aggregation complete: turn_battle_results/production_final/aggregated_results.json
Aggregated LaTeX report: turn_battle_results/production_final/thesis_aggregated_report.tex
Done in 589.1s
