Optional module pokerkit_wrapper was not importable: No module named 'pokerkit'
Game: turn_battle, players=4
Training device: cuda (NVIDIA GeForce RTX 3060 Ti)
=== Training alphazero (500 episodes) ===
  backend: PyTorch AlphaZero on cuda (NVIDIA GeForce RTX 3060 Ti)
[train alphazero] step 100: win=0.760
[train alphazero] step 200: win=0.750
[train alphazero] step 300: win=0.710
[train alphazero] step 400: win=0.780
[train alphazero] step 500: win=0.840
  seed score vs random: 0.760
=== Training deep_cfr (500 episodes) ===
  backend: PyTorch DeepCFRSolver on cuda (NVIDIA GeForce RTX 3060 Ti)
[train deep_cfr] step 100: win=0.250
[train deep_cfr] step 200: win=0.210
[train deep_cfr] step 300: win=0.340
[train deep_cfr] step 400: win=0.250
[train deep_cfr] step 500: win=0.250
  seed score vs random: 0.270
=== Training nfsp (3000 episodes) ===
  backend: PyTorch nfsp on cuda (NVIDIA GeForce RTX 3060 Ti) (bot_mix=50%, opponent=mixed)
I0611 16:02:11.888063 139736173331520 rl_environment.py:211] Using game settings: {'num_turns': 5}
[train nfsp] step 100: win=0.340
[train nfsp] step 200: win=0.290
[train nfsp] step 300: win=0.350
[train nfsp] step 400: win=0.320
[train nfsp] step 500: win=0.300
[train nfsp] step 600: win=0.350
[train nfsp] step 700: win=0.310
[train nfsp] step 800: win=0.330
[train nfsp] step 900: win=0.390
[train nfsp] step 1000: win=0.370
[train nfsp] step 1100: win=0.290
[train nfsp] step 1200: win=0.400
[train nfsp] step 1300: win=0.280
[train nfsp] step 1400: win=0.300
[train nfsp] step 1500: win=0.380
[train nfsp] step 1600: win=0.360
[train nfsp] step 1700: win=0.350
[train nfsp] step 1800: win=0.410
[train nfsp] step 1900: win=0.360
[train nfsp] step 2000: win=0.360
[train nfsp] step 2100: win=0.370
[train nfsp] step 2200: win=0.380
[train nfsp] step 2300: win=0.370
[train nfsp] step 2400: win=0.380
[train nfsp] step 2500: win=0.410
[train nfsp] step 2600: win=0.390
[train nfsp] step 2700: win=0.390
[train nfsp] step 2800: win=0.380
[train nfsp] step 2900: win=0.410
  seed score vs random: 0.370
=== Training qpg (3000 episodes) ===
  backend: PyTorch qpg on cuda (NVIDIA GeForce RTX 3060 Ti) (bot_mix=50%, opponent=mixed)
I0611 16:03:08.017547 139736173331520 rl_environment.py:211] Using game settings: {'num_turns': 5}
/home/antot/Proyectos/open_spiel/open_spiel/python/pytorch/policy_gradient.py:442: UserWarning: Using a non-tuple sequence for multidimensional indexing is deprecated and will be changed in pytorch 2.9; use x[tuple(seq)] instead of x[seq]. In pytorch 2.9 this will be interpreted as tensor index, x[torch.tensor(seq)], which will result either in an error or a different result (Triggered internally at /pytorch/torch/csrc/autograd/python_variable_indexing.cpp:347.)
  value_predictions = q_values[list(action_indices)]
[train qpg] step 100: win=0.370
[train qpg] step 200: win=0.490
[train qpg] step 300: win=0.410
[train qpg] step 400: win=0.350
[train qpg] step 500: win=0.340
[train qpg] step 600: win=0.370
[train qpg] step 700: win=0.390
[train qpg] step 800: win=0.360
[train qpg] step 900: win=0.360
[train qpg] step 1000: win=0.400
[train qpg] step 1100: win=0.440
[train qpg] step 1200: win=0.300
[train qpg] step 1300: win=0.300
[train qpg] step 1400: win=0.420
[train qpg] step 1500: win=0.430
[train qpg] step 1600: win=0.390
[train qpg] step 1700: win=0.460
[train qpg] step 1800: win=0.520
[train qpg] step 1900: win=0.390
[train qpg] step 2000: win=0.410
[train qpg] step 2100: win=0.410
[train qpg] step 2200: win=0.490
[train qpg] step 2300: win=0.420
[train qpg] step 2400: win=0.400
[train qpg] step 2500: win=0.480
[train qpg] step 2600: win=0.530
[train qpg] step 2700: win=0.540
[train qpg] step 2800: win=0.520
[train qpg] step 2900: win=0.480
  seed score vs random: 0.470
=== Round-robin phase ===
RR: alphazero vs deep_cfr -> 0.84-0.06
RR: alphazero vs nfsp -> 0.65-0.16
RR: alphazero vs qpg -> 0.58-0.23
RR: deep_cfr vs nfsp -> 0.18-0.51
RR: deep_cfr vs qpg -> 0.10-0.64
I0611 16:05:20.969367 139736173331520 rl_environment.py:211] Using game settings: {'num_turns': 5}
I0611 16:05:21.504800 139736173331520 rl_environment.py:211] Using game settings: {'num_turns': 5}
RR: nfsp vs qpg -> 0.27-0.33
=== Bracket phase ===
R1: alphazero vs qpg -> qpg (0.22-0.53)
R1: nfsp vs deep_cfr -> nfsp (0.46-0.26)
I0611 16:05:56.359748 139736173331520 rl_environment.py:211] Using game settings: {'num_turns': 5}
R2: qpg vs nfsp -> qpg (0.39-0.28)
Champion: qpg
Saved tournament to turn_battle_results/tournament_results.json
LaTeX report: turn_battle_results/turn_battle_report.tex
Done in 7260.6s
