Optional module pokerkit_wrapper was not importable: No module named 'pokerkit'
Game: turn_battle, players=4
Training device: cuda (NVIDIA GeForce RTX 3060 Ti)
=== Training alphazero (500 episodes) ===
  backend: PyTorch AlphaZero on cuda (NVIDIA GeForce RTX 3060 Ti)
[train alphazero] step 125: win=0.730
[train alphazero] step 250: win=0.790
[train alphazero] step 375: win=0.870
[train alphazero] step 500: win=0.830
  seed score vs random: 0.770
=== Training deep_cfr (200 episodes) ===
  backend: PyTorch DeepCFRSolver on cuda (NVIDIA GeForce RTX 3060 Ti)
[train deep_cfr] step 200: win=0.210
  seed score vs random: 0.200
=== Training nfsp (3000 episodes) ===
  backend: PyTorch nfsp on cuda (NVIDIA GeForce RTX 3060 Ti)
I0611 12:00:43.166382 138614957605952 rl_environment.py:211] Using game settings: {'num_turns': 5}
[train nfsp] step 250: win=0.310
[train nfsp] step 500: win=0.330
[train nfsp] step 750: win=0.310
[train nfsp] step 1000: win=0.240
[train nfsp] step 1250: win=0.350
[train nfsp] step 1500: win=0.360
[train nfsp] step 1750: win=0.430
[train nfsp] step 2000: win=0.490
[train nfsp] step 2250: win=0.330
[train nfsp] step 2500: win=0.310
[train nfsp] step 2750: win=0.490
  seed score vs random: 0.400
=== Training qpg (3000 episodes) ===
  backend: PyTorch qpg on cuda (NVIDIA GeForce RTX 3060 Ti)
I0611 12:01:39.098261 138614957605952 rl_environment.py:211] Using game settings: {'num_turns': 5}
/home/antot/Proyectos/open_spiel/open_spiel/python/pytorch/policy_gradient.py:442: UserWarning: Using a non-tuple sequence for multidimensional indexing is deprecated and will be changed in pytorch 2.9; use x[tuple(seq)] instead of x[seq]. In pytorch 2.9 this will be interpreted as tensor index, x[torch.tensor(seq)], which will result either in an error or a different result (Triggered internally at /pytorch/torch/csrc/autograd/python_variable_indexing.cpp:347.)
  value_predictions = q_values[list(action_indices)]
[train qpg] step 250: win=0.300
[train qpg] step 500: win=0.330
[train qpg] step 750: win=0.380
[train qpg] step 1000: win=0.350
[train qpg] step 1250: win=0.340
[train qpg] step 1500: win=0.330
[train qpg] step 1750: win=0.380
[train qpg] step 2000: win=0.560
[train qpg] step 2250: win=0.510
[train qpg] step 2500: win=0.520
[train qpg] step 2750: win=0.460
  seed score vs random: 0.540
=== Round-robin phase ===
RR: alphazero vs deep_cfr -> 0.88-0.03
RR: alphazero vs nfsp -> 0.69-0.17
RR: alphazero vs qpg -> 0.59-0.25
RR: deep_cfr vs nfsp -> 0.20-0.47
RR: deep_cfr vs qpg -> 0.12-0.69
I0611 12:03:52.584635 138614957605952 rl_environment.py:211] Using game settings: {'num_turns': 5}
I0611 12:03:53.142563 138614957605952 rl_environment.py:211] Using game settings: {'num_turns': 5}
RR: nfsp vs qpg -> 0.21-0.44
=== Bracket phase ===
R1: alphazero vs qpg -> qpg (0.18-0.53)
R1: nfsp vs deep_cfr -> nfsp (0.43-0.21)
I0611 12:04:28.127166 138614957605952 rl_environment.py:211] Using game settings: {'num_turns': 5}
R2: qpg vs nfsp -> qpg (0.39-0.23)
Champion: qpg
Saved tournament to turn_battle_results/tournament_results.json
LaTeX report: turn_battle_results/turn_battle_report.tex
Done in 2938.3s
